// Jest Snapshot v1, https://goo.gl/fbAQLP

exports[`should match snapshot 1`] = `
<DocumentFragment>
  <div>
    <form>
      <label
        for="height"
      >
        Height
      </label>
      <input
        id="height"
        name="height"
        placeholder="Height"
        type="text"
        value="100px"
      />
      <br />
      <label
        for="width"
      >
        Width
      </label>
      <input
        id="width"
        name="width"
        placeholder="Width"
        type="text"
        value="100px"
      />
      <br />
      <label
        for="color"
      >
        Color
      </label>
      <input
        id="color"
        name="color"
        placeholder="Color"
        type="text"
        value="#000"
      />
      <br />
      <button>
        Create New Box
      </button>
    </form>
  </div>
</DocumentFragment>
`;
